// Jest Snapshot v1, https://goo.gl/fbAQLP

exports[`Button Rendering should match to snapshot 1`] = `
ShallowWrapper {
  Symbol(enzyme.__root__): [Circular],
  Symbol(enzyme.__unrendered__): <Button
    label="test label"
    primary={true}
  />,
  Symbol(enzyme.__renderer__): Object {
    "batchedUpdates": [Function],
    "getNode": [Function],
    "render": [Function],
    "simulateError": [Function],
    "simulateEvent": [Function],
    "unmount": [Function],
  },
  Symbol(enzyme.__node__): Object {
    "instance": null,
    "key": undefined,
    "nodeType": "class",
    "props": Object {
      "activeOpacity": 0.2,
      "children": <Text
        style={
          Array [
            Object {
              "alignSelf": "center",
              "color": "#fff",
              "fontWeight": "600",
            },
            Object {
              "fontSize": 20,
            },
          ]
        }
      >
        test label
      </Text>,
      "onPress": [Function],
      "style": Array [
        Object {
          "alignSelf": "stretch",
          "backgroundColor": "#38ba7d",
          "borderBottomColor": "#1e6343",
          "borderBottomWidth": 6,
          "borderWidth": 1,
          "justifyContent": "center",
          "marginLeft": 15,
          "marginRight": 15,
        },
        Object {
          "height": 65,
        },
      ],
    },
    "ref": null,
    "rendered": Object {
      "instance": null,
      "key": undefined,
      "nodeType": "class",
      "props": Object {
        "children": "test label",
        "style": Array [
          Object {
            "alignSelf": "center",
            "color": "#fff",
            "fontWeight": "600",
          },
          Object {
            "fontSize": 20,
          },
        ],
      },
      "ref": null,
      "rendered": "test label",
      "type": [Function],
    },
    "type": [Function],
  },
  Symbol(enzyme.__nodes__): Array [
    Object {
      "instance": null,
      "key": undefined,
      "nodeType": "class",
      "props": Object {
        "activeOpacity": 0.2,
        "children": <Text
          style={
            Array [
              Object {
                "alignSelf": "center",
                "color": "#fff",
                "fontWeight": "600",
              },
              Object {
                "fontSize": 20,
              },
            ]
          }
        >
          test label
        </Text>,
        "onPress": [Function],
        "style": Array [
          Object {
            "alignSelf": "stretch",
            "backgroundColor": "#38ba7d",
            "borderBottomColor": "#1e6343",
            "borderBottomWidth": 6,
            "borderWidth": 1,
            "justifyContent": "center",
            "marginLeft": 15,
            "marginRight": 15,
          },
          Object {
            "height": 65,
          },
        ],
      },
      "ref": null,
      "rendered": Object {
        "instance": null,
        "key": undefined,
        "nodeType": "class",
        "props": Object {
          "children": "test label",
          "style": Array [
            Object {
              "alignSelf": "center",
              "color": "#fff",
              "fontWeight": "600",
            },
            Object {
              "fontSize": 20,
            },
          ],
        },
        "ref": null,
        "rendered": "test label",
        "type": [Function],
      },
      "type": [Function],
    },
  ],
  Symbol(enzyme.__options__): Object {
    "adapter": ReactSixteenAdapter {
      "options": Object {
        "enableComponentDidUpdateOnSetState": true,
        "lifecycles": Object {
          "componentDidUpdate": Object {
            "onSetState": true,
          },
          "getDerivedStateFromProps": true,
          "getSnapshotBeforeUpdate": true,
          "setState": Object {
            "skipsComponentDidUpdateOnNullish": true,
          },
        },
      },
    },
  },
}
`;
